
  VITE v5.4.21  ready in 994 ms

  ➜  Local:   http://127.0.0.1:5176/
  ➜  press h + enter to show help
13:01:52 [vite] hmr update /src/components/sections/InterestsSection.tsx, /src/index.css
13:03:12 [vite] hmr update /src/components/sections/InterestsSection.tsx
13:05:07 [vite] hmr update /src/index.css
13:06:22 [vite] hmr update /src/index.css
13:07:07 [vite] hmr update /src/components/sections/InterestsSection.tsx, /src/index.css
13:12:56 [vite] hmr update /src/components/sections/InterestsSection.tsx, /src/index.css
13:46:58 [vite] hmr update /src/components/sections/InterestsSection.tsx, /src/index.css
13:49:06 [vite] hmr update /src/index.css
13:57:44 [vite] hmr update /src/index.css
14:15:17 [vite] hmr update /src/components/sections/InterestsSection.tsx, /src/index.css
14:38:26 [vite] hmr update /src/components/sections/InterestsSection.tsx, /src/index.css
14:40:15 [vite] hmr update /src/components/sections/InterestsSection.tsx
14:47:05 [vite] hmr update /src/index.css
14:48:13 [vite] hmr update /src/index.css
14:48:53 [vite] hmr update /src/index.css
14:50:37 [vite] hmr update /src/index.css
14:58:28 [vite] hmr update /src/index.css
15:11:17 [vite] hmr update /src/index.css
