
  VITE v5.4.21  ready in 754 ms

  ➜  Local:   http://127.0.0.1:5176/
  ➜  press h + enter to show help
09:55:13 [vite] hmr update /src/components/sections/InterestsSection.tsx, /src/index.css
09:55:29 [vite] hmr update /src/components/sections/AboutSection.tsx, /src/index.css
09:55:56 [vite] hmr update /src/App.tsx, /src/index.css
09:56:16 [vite] hmr update /src/index.css
09:56:39 [vite] hmr update /src/index.css
09:56:47 [vite] hmr update /src/index.css
09:57:19 [vite] hmr update /src/index.css
10:22:57 [vite] hmr update /src/App.tsx, /src/index.css
10:23:15 [vite] hmr update /src/App.tsx, /src/index.css
10:23:37 [vite] hmr update /src/App.tsx, /src/index.css
10:24:02 [vite] hmr update /src/pages/CaseStudyPage.tsx, /src/index.css
10:24:25 [vite] hmr update /src/App.tsx, /src/index.css
10:26:20 [vite] hmr update /src/App.tsx, /src/index.css
10:29:12 [vite] hmr update /src/App.tsx, /src/index.css
10:46:18 [vite] hmr update /src/App.tsx, /src/index.css
10:48:21 [vite] hmr update /src/App.tsx, /src/index.css
10:51:08 [vite] hmr update /src/App.tsx, /src/index.css
10:54:08 [vite] hmr update /src/App.tsx, /src/index.css
10:54:19 [vite] hmr update /src/App.tsx, /src/index.css
10:58:33 [vite] hmr update /src/App.tsx, /src/index.css
11:01:03 [vite] hmr update /src/App.tsx, /src/index.css
11:01:35 [vite] hmr update /src/App.tsx, /src/index.css
11:01:48 [vite] hmr update /src/App.tsx, /src/index.css
11:04:14 [vite] hmr update /src/App.tsx, /src/index.css
11:13:08 [vite] hmr update /src/App.tsx, /src/index.css
11:15:59 [vite] hmr update /src/App.tsx, /src/index.css
11:16:07 [vite] hmr update /src/App.tsx, /src/index.css
11:17:57 [vite] hmr update /src/App.tsx, /src/index.css
11:21:31 [vite] hmr update /src/App.tsx, /src/index.css
11:21:31 [vite] hmr update /src/App.tsx, /src/index.css
11:25:49 [vite] hmr update /src/App.tsx, /src/index.css
