
  [32m[1mVITE[22m v5.4.21[39m  [2mready in [0m[1m443[22m[2m[0m ms[22m

  [32m➜[39m  [1mLocal[22m:   [36mhttp://127.0.0.1:[1m5178[22m/[39m
[2m09:58:11[22m [36m[1m[vite][22m[39m [32mhmr update [39m[2m/src/App.tsx, /src/index.css[22m
[2m11:25:35[22m [36m[1m[vite][22m[39m [32mhmr update [39m[2m/src/components/sections/ToolGalaxy3D.tsx, /src/index.css[22m
[2m11:26:11[22m [36m[1m[vite][22m[39m [32mhmr update [39m[2m/src/components/sections/ToolGalaxy3D.tsx, /src/index.css[22m
[2m11:26:45[22m [36m[1m[vite][22m[39m [32mhmr update [39m[2m/src/components/sections/ToolGalaxy3D.tsx, /src/index.css[22m
[2m11:27:02[22m [36m[1m[vite][22m[39m [32mhmr update [39m[2m/src/components/sections/ToolGalaxy3D.tsx, /src/index.css[22m
[2m11:29:55[22m [36m[1m[vite][22m[39m [32mhmr update [39m[2m/src/components/sections/ToolGalaxy3D.tsx, /src/index.css[22m
[2m11:29:58[22m [36m[1m[vite][22m[39m [32mhmr update [39m[2m/src/index.css[22m
[2m11:30:34[22m [36m[1m[vite][22m[39m [32mhmr update [39m[2m/src/components/sections/ToolGalaxy3D.tsx, /src/index.css[22m
[2m11:31:06[22m [36m[1m[vite][22m[39m [32mhmr update [39m[2m/src/components/sections/ToolGalaxy3D.tsx, /src/index.css[22m
[2m11:35:32[22m [36m[1m[vite][22m[39m [32mhmr update [39m[2m/src/components/sections/ToolGalaxy3D.tsx, /src/index.css[22m
[2m11:36:29[22m [36m[1m[vite][22m[39m [32mhmr update [39m[2m/src/components/sections/ToolGalaxy3D.tsx, /src/index.css[22m
[2m11:38:47[22m [36m[1m[vite][22m[39m [32mhmr update [39m[2m/src/components/sections/ToolGalaxy3D.tsx, /src/index.css[22m
[2m11:38:51[22m [36m[1m[vite][22m[39m [32mhmr update [39m[2m/src/components/sections/ToolGalaxy3D.tsx, /src/index.css[22m
[2m11:38:54[22m [36m[1m[vite][22m[39m [32mhmr update [39m[2m/src/components/sections/ToolGalaxy3D.tsx, /src/index.css[22m
[2m11:38:58[22m [36m[1m[vite][22m[39m [32mhmr update [39m[2m/src/index.css[22m
[2m11:39:09[22m [36m[1m[vite][22m[39m [32mhmr update [39m[2m/src/index.css[22m
[2m11:40:20[22m [36m[1m[vite][22m[39m [32mhmr update [39m[2m/src/components/sections/ToolGalaxy3D.tsx, /src/index.css[22m
[2m11:40:23[22m [36m[1m[vite][22m[39m [32mhmr update [39m[2m/src/index.css[22m
[2m13:56:55[22m [36m[1m[vite][22m[39m [32mhmr update [39m[2m/src/components/sections/ToolGalaxy3D.tsx, /src/index.css[22m
[2m13:57:25[22m [36m[1m[vite][22m[39m [32mhmr update [39m[2m/src/components/sections/ToolGalaxy3D.tsx, /src/index.css[22m
[2m13:57:37[22m [36m[1m[vite][22m[39m [32mhmr update [39m[2m/src/components/sections/ToolGalaxy3D.tsx, /src/index.css[22m
[2m13:57:48[22m [36m[1m[vite][22m[39m [32mhmr update [39m[2m/src/components/sections/ToolGalaxy3D.tsx, /src/index.css[22m
[2m13:58:04[22m [36m[1m[vite][22m[39m [32mhmr update [39m[2m/src/components/sections/ToolGalaxy3D.tsx, /src/index.css[22m
[2m13:59:25[22m [36m[1m[vite][22m[39m [32mhmr update [39m[2m/src/components/sections/ToolGalaxy3D.tsx, /src/index.css[22m
[2m13:59:41[22m [36m[1m[vite][22m[39m [32mhmr update [39m[2m/src/components/sections/ToolGalaxy3D.tsx, /src/index.css[22m
[2m14:00:56[22m [36m[1m[vite][22m[39m [32mhmr update [39m[2m/src/components/sections/ToolGalaxy3D.tsx, /src/index.css[22m
[2m14:01:09[22m [36m[1m[vite][22m[39m [32mhmr update [39m[2m/src/components/sections/ToolGalaxy3D.tsx, /src/index.css[22m
[2m14:01:29[22m [36m[1m[vite][22m[39m [32mhmr update [39m[2m/src/components/sections/ToolGalaxy3D.tsx, /src/index.css[22m
[2m14:03:32[22m [36m[1m[vite][22m[39m [32mhmr update [39m[2m/src/components/sections/ToolGalaxy3D.tsx, /src/index.css[22m
[2m14:03:43[22m [36m[1m[vite][22m[39m [32mhmr update [39m[2m/src/components/sections/ToolGalaxy3D.tsx, /src/index.css[22m
[2m14:04:17[22m [36m[1m[vite][22m[39m [32mhmr update [39m[2m/src/components/sections/ToolGalaxy3D.tsx, /src/index.css[22m
[2m14:04:33[22m [36m[1m[vite][22m[39m [32mhmr update [39m[2m/src/components/sections/ServicesSection.tsx, /src/index.css[22m
[2m14:04:58[22m [36m[1m[vite][22m[39m [32mhmr update [39m[2m/src/components/sections/ServicesSection.tsx, /src/index.css[22m
[2m14:05:35[22m [36m[1m[vite][22m[39m [32mhmr update [39m[2m/src/components/sections/ServicesSection.tsx, /src/index.css[22m
[2m14:05:44[22m [36m[1m[vite][22m[39m [32mhmr update [39m[2m/src/components/sections/ServicesSection.tsx, /src/index.css[22m
[2m14:05:59[22m [36m[1m[vite][22m[39m [32mhmr update [39m[2m/src/components/sections/ServicesSection.tsx, /src/index.css[22m
[2m14:09:33[22m [36m[1m[vite][22m[39m [32mhmr update [39m[2m/src/components/sections/ToolGalaxy3D.tsx, /src/index.css[22m
[2m14:12:56[22m [36m[1m[vite][22m[39m [32mhmr update [39m[2m/src/components/sections/ToolGalaxy3D.tsx, /src/index.css[22m
[2m14:13:14[22m [36m[1m[vite][22m[39m [32mhmr update [39m[2m/src/components/sections/ToolGalaxy3D.tsx, /src/index.css[22m
[2m14:13:53[22m [36m[1m[vite][22m[39m [32mhmr update [39m[2m/src/components/sections/ToolGalaxy3D.tsx, /src/index.css[22m
[2m14:14:10[22m [36m[1m[vite][22m[39m [32mhmr update [39m[2m/src/components/sections/ToolGalaxy3D.tsx, /src/index.css[22m
[2m14:14:27[22m [36m[1m[vite][22m[39m [32mhmr update [39m[2m/src/index.css[22m
[2m14:16:43[22m [36m[1m[vite][22m[39m [32mhmr update [39m[2m/src/components/sections/ServicesSection.tsx, /src/index.css[22m
[2m14:17:04[22m [36m[1m[vite][22m[39m [32mhmr update [39m[2m/src/components/sections/ToolGalaxy3D.tsx, /src/index.css[22m
[2m14:17:52[22m [36m[1m[vite][22m[39m [32mhmr update [39m[2m/src/components/sections/ToolGalaxy3D.tsx, /src/index.css[22m
[2m14:19:51[22m [36m[1m[vite][22m[39m [32mhmr update [39m[2m/src/components/sections/ToolGalaxy3D.tsx, /src/index.css[22m
[2m14:22:44[22m [36m[1m[vite][22m[39m [32mhmr update [39m[2m/src/components/sections/ToolGalaxy3D.tsx, /src/index.css[22m
[2m14:23:07[22m [36m[1m[vite][22m[39m [32mhmr update [39m[2m/src/components/sections/ToolGalaxy3D.tsx, /src/index.css[22m
[2m14:23:22[22m [36m[1m[vite][22m[39m [32mhmr update [39m[2m/src/components/sections/ToolGalaxy3D.tsx, /src/index.css[22m
[2m14:24:10[22m [36m[1m[vite][22m[39m [32mhmr update [39m[2m/src/components/sections/ToolGalaxy3D.tsx, /src/index.css[22m
[2m14:24:36[22m [36m[1m[vite][22m[39m [32mhmr update [39m[2m/src/components/sections/ToolGalaxy3D.tsx, /src/index.css[22m
[2m14:27:33[22m [36m[1m[vite][22m[39m [32mhmr update [39m[2m/src/components/sections/ToolGalaxy3D.tsx, /src/index.css[22m
[2m14:29:42[22m [36m[1m[vite][22m[39m [32mhmr update [39m[2m/src/components/sections/ToolGalaxy3D.tsx, /src/index.css[22m
[2m14:30:36[22m [36m[1m[vite][22m[39m [32mhmr update [39m[2m/src/index.css[22m
[2m14:32:20[22m [36m[1m[vite][22m[39m [32mhmr update [39m[2m/src/components/sections/ToolGalaxy3D.tsx, /src/index.css[22m
[2m14:33:50[22m [36m[1m[vite][22m[39m [32mhmr update [39m[2m/src/components/sections/ToolGalaxy3D.tsx, /src/index.css[22m
[2m15:18:22[22m [36m[1m[vite][22m[39m [32mhmr update [39m[2m/src/index.css[22m
[2m15:20:42[22m [36m[1m[vite][22m[39m [32mhmr update [39m[2m/src/App.tsx, /src/index.css[22m
[2m15:24:47[22m [36m[1m[vite][22m[39m [32mhmr update [39m[2m/src/index.css[22m
[2m15:26:02[22m [36m[1m[vite][22m[39m [32mhmr update [39m[2m/src/index.css[22m
[2m15:32:34[22m [36m[1m[vite][22m[39m [32mhmr update [39m[2m/src/components/sections/ToolGalaxy3D.tsx, /src/index.css[22m
[2m15:52:35[22m [36m[1m[vite][22m[39m [32mhmr update [39m[2m/src/components/sections/ToolGalaxy3D.tsx, /src/index.css[22m
[2m16:51:48[22m [36m[1m[vite][22m[39m [32mhmr update [39m[2m/src/components/sections/ToolGalaxy3D.tsx, /src/index.css[22m
[2m16:52:15[22m [36m[1m[vite][22m[39m [32mhmr update [39m[2m/src/components/sections/ToolGalaxy3D.tsx, /src/index.css[22m
[2m16:52:25[22m [36m[1m[vite][22m[39m [32mhmr update [39m[2m/src/components/sections/ToolGalaxy3D.tsx, /src/index.css[22m
[2m16:52:50[22m [36m[1m[vite][22m[39m [32mhmr update [39m[2m/src/components/sections/ToolGalaxy3D.tsx, /src/index.css[22m
[2m16:53:13[22m [36m[1m[vite][22m[39m [32mhmr update [39m[2m/src/components/sections/ToolGalaxy3D.tsx, /src/index.css[22m
[2m16:54:02[22m [36m[1m[vite][22m[39m [32mhmr update [39m[2m/src/components/sections/ServicesSection.tsx, /src/index.css[22m
[2m16:54:39[22m [36m[1m[vite][22m[39m [32mhmr update [39m[2m/src/components/sections/ServicesSection.tsx, /src/index.css[22m
[2m16:55:07[22m [36m[1m[vite][22m[39m [32mhmr update [39m[2m/src/index.css[22m
[2m16:55:24[22m [36m[1m[vite][22m[39m [32mhmr update [39m[2m/src/components/sections/ToolGalaxy3D.tsx, /src/index.css[22m
[2m16:55:26[22m [36m[1m[vite][22m[39m [32mhmr update [39m[2m/src/components/sections/ServicesSection.tsx, /src/index.css[22m
[2m16:55:29[22m [36m[1m[vite][22m[39m [32mhmr update [39m[2m/src/index.css[22m
[2m17:18:56[22m [36m[1m[vite][22m[39m [32mhmr update [39m[2m/src/index.css[22m
[2m18:04:52[22m [36m[1m[vite][22m[39m [32mhmr update [39m[2m/src/components/sections/ToolGalaxy3D.tsx, /src/index.css[22m
[2m18:06:18[22m [36m[1m[vite][22m[39m [32mhmr update [39m[2m/src/components/sections/ToolGalaxy3D.tsx, /src/index.css[22m
[2m18:15:18[22m [36m[1m[vite][22m[39m [32mhmr update [39m[2m/src/components/sections/ToolGalaxy3D.tsx, /src/index.css[22m
[2m18:16:12[22m [36m[1m[vite][22m[39m [32mhmr update [39m[2m/src/components/sections/ToolGalaxy3D.tsx, /src/index.css[22m
[2m18:17:13[22m [36m[1m[vite][22m[39m [32mhmr update [39m[2m/src/components/sections/ToolGalaxy3D.tsx, /src/index.css[22m
[2m18:17:44[22m [36m[1m[vite][22m[39m [32mhmr update [39m[2m/src/components/sections/ToolGalaxy3D.tsx, /src/index.css[22m
[2m18:18:51[22m [36m[1m[vite][22m[39m [32mhmr update [39m[2m/src/index.css[22m
[2m18:25:55[22m [36m[1m[vite][22m[39m [32mhmr update [39m[2m/src/components/sections/ToolGalaxy3D.tsx, /src/index.css[22m
[2m18:28:56[22m [36m[1m[vite][22m[39m [32mhmr update [39m[2m/src/components/sections/ToolGalaxy3D.tsx, /src/index.css[22m
[2m18:32:45[22m [36m[1m[vite][22m[39m [32mhmr update [39m[2m/src/components/sections/ToolGalaxy3D.tsx, /src/index.css[22m
[2m18:36:02[22m [36m[1m[vite][22m[39m [32mhmr update [39m[2m/src/components/sections/ToolGalaxy3D.tsx, /src/index.css[22m
[2m18:37:00[22m [36m[1m[vite][22m[39m [32mhmr update [39m[2m/src/components/sections/ToolGalaxy3D.tsx, /src/index.css[22m
[2m18:38:06[22m [36m[1m[vite][22m[39m [32mhmr update [39m[2m/src/components/sections/ToolGalaxy3D.tsx, /src/index.css[22m
[2m18:38:46[22m [36m[1m[vite][22m[39m [32mhmr update [39m[2m/src/components/sections/ToolGalaxy3D.tsx, /src/index.css[22m
[2m18:42:34[22m [36m[1m[vite][22m[39m [32mhmr update [39m[2m/src/components/sections/ToolGalaxy3D.tsx, /src/index.css[22m
[2m18:47:20[22m [36m[1m[vite][22m[39m [32mhmr update [39m[2m/src/components/sections/ToolGalaxy3D.tsx, /src/index.css[22m
[2m18:49:28[22m [36m[1m[vite][22m[39m [32mhmr update [39m[2m/src/components/sections/ToolGalaxy3D.tsx, /src/index.css[22m
[2m18:50:04[22m [36m[1m[vite][22m[39m [32mhmr update [39m[2m/src/components/sections/ToolGalaxy3D.tsx, /src/index.css[22m
[2m18:50:45[22m [36m[1m[vite][22m[39m [32mhmr update [39m[2m/src/components/sections/ToolGalaxy3D.tsx, /src/index.css[22m
[2m18:52:48[22m [36m[1m[vite][22m[39m [32mhmr update [39m[2m/src/components/sections/ToolGalaxy3D.tsx, /src/index.css[22m
[2m18:56:50[22m [36m[1m[vite][22m[39m [32mhmr update [39m[2m/src/components/sections/ToolGalaxy3D.tsx, /src/index.css[22m
[2m18:59:27[22m [36m[1m[vite][22m[39m [32mhmr update [39m[2m/src/components/sections/ToolGalaxy3D.tsx, /src/index.css[22m
[2m19:01:16[22m [36m[1m[vite][22m[39m [32mhmr update [39m[2m/src/components/sections/ToolGalaxy3D.tsx, /src/index.css[22m
[2m19:03:32[22m [36m[1m[vite][22m[39m [32mhmr update [39m[2m/src/components/sections/ToolGalaxy3D.tsx, /src/index.css[22m
[2m19:06:01[22m [36m[1m[vite][22m[39m [32mhmr update [39m[2m/src/components/sections/ToolGalaxy3D.tsx, /src/index.css[22m
[2m19:08:45[22m [36m[1m[vite][22m[39m [32mhmr update [39m[2m/src/components/sections/ToolGalaxy3D.tsx, /src/index.css[22m
[2m19:20:57[22m [36m[1m[vite][22m[39m [32mhmr update [39m[2m/src/components/sections/ToolGalaxy3D.tsx, /src/index.css[22m
[2m19:38:22[22m [36m[1m[vite][22m[39m [32mhmr update [39m[2m/src/components/sections/ToolGalaxy3D.tsx, /src/index.css[22m
[2m19:41:44[22m [36m[1m[vite][22m[39m [32mhmr update [39m[2m/src/components/sections/ToolGalaxy3D.tsx, /src/index.css[22m
[2m19:49:59[22m [36m[1m[vite][22m[39m [32mhmr update [39m[2m/src/components/sections/ToolGalaxy3D.tsx, /src/index.css[22m
[2m20:09:47[22m [36m[1m[vite][22m[39m [32mhmr update [39m[2m/src/components/sections/ToolGalaxy3D.tsx, /src/index.css[22m
[2m20:14:32[22m [36m[1m[vite][22m[39m [32mhmr update [39m[2m/src/components/sections/ToolGalaxy3D.tsx, /src/index.css[22m
[2m20:28:59[22m [36m[1m[vite][22m[39m [32mhmr update [39m[2m/src/components/sections/ToolGalaxy3D.tsx, /src/index.css[22m
[2m20:38:39[22m [36m[1m[vite][22m[39m [32mhmr update [39m[2m/src/components/sections/ToolGalaxy3D.tsx, /src/index.css[22m
[2m20:39:56[22m [36m[1m[vite][22m[39m [32mhmr update [39m[2m/src/components/sections/ToolGalaxy3D.tsx, /src/index.css[22m
[2m20:46:45[22m [36m[1m[vite][22m[39m [32mhmr update [39m[2m/src/components/sections/ToolGalaxy3D.tsx, /src/index.css[22m
[2m20:59:25[22m [36m[1m[vite][22m[39m [32mhmr update [39m[2m/src/components/sections/ToolGalaxy3D.tsx, /src/index.css[22m
[2m21:00:32[22m [36m[1m[vite][22m[39m [32mhmr update [39m[2m/src/components/sections/ToolGalaxy3D.tsx, /src/index.css[22m
[2m21:02:41[22m [36m[1m[vite][22m[39m [32mhmr update [39m[2m/src/components/sections/ToolGalaxy3D.tsx, /src/index.css[22m
[2m21:03:26[22m [36m[1m[vite][22m[39m [32mhmr update [39m[2m/src/components/sections/ToolGalaxy3D.tsx, /src/index.css[22m
[2m21:04:57[22m [36m[1m[vite][22m[39m [32mhmr update [39m[2m/src/components/sections/ToolGalaxy3D.tsx, /src/index.css[22m
[2m21:25:57[22m [36m[1m[vite][22m[39m [32mhmr update [39m[2m/src/components/sections/ToolGalaxy3D.tsx, /src/index.css[22m
[2m21:26:55[22m [36m[1m[vite][22m[39m [32mhmr update [39m[2m/src/components/sections/ToolGalaxy3D.tsx, /src/index.css[22m
[2m21:27:51[22m [36m[1m[vite][22m[39m [32mhmr update [39m[2m/src/components/sections/ToolGalaxy3D.tsx, /src/index.css[22m
[2m21:28:27[22m [36m[1m[vite][22m[39m [32mhmr update [39m[2m/src/components/sections/ToolGalaxy3D.tsx, /src/index.css[22m
[2m21:35:38[22m [36m[1m[vite][22m[39m [32mhmr update [39m[2m/src/components/sections/ToolGalaxy3D.tsx, /src/index.css[22m
[2m21:37:15[22m [36m[1m[vite][22m[39m [32mhmr update [39m[2m/src/components/sections/ToolGalaxy3D.tsx, /src/index.css[22m
[2m21:38:53[22m [36m[1m[vite][22m[39m [32mhmr update [39m[2m/src/components/sections/ToolGalaxy3D.tsx, /src/index.css[22m
[2m21:39:14[22m [36m[1m[vite][22m[39m [32mhmr update [39m[2m/src/components/sections/ToolGalaxy3D.tsx, /src/index.css[22m
